// Jest Snapshot v1, https://goo.gl/fbAQLP

exports[`[legacy] Gatsby data tree utils build enum values for fields from array on nodes 1`] = `
Array [
  "foo",
  "bar",
  "name",
  "hair",
  "date",
  "key_with__unsupported_values",
  "anArray",
  "nestedArrays",
  "objectsInArray___field1",
  "objectsInArray___field2",
  "objectsInArray___field3",
  "frontmatter___date",
  "frontmatter___title",
  "frontmatter___blue",
  "frontmatter___circle",
  "frontmatter___draft",
  "context___nestedObject___someOtherProperty",
  "context___nestedObject___name",
]
`;

exports[`[legacy] Gatsby data tree utils builds field examples from an array of nodes 1`] = `
Object {
  "anArray": Array [
    1,
  ],
  "context": Object {
    "nestedObject": Object {
      "name": "Inner name",
      "someOtherProperty": 1,
    },
  },
  "date": "2006-07-22T22:39:53.000Z",
  "frontmatter": Object {
    "blue": 100,
    "circle": "happy",
    "date": "2006-07-22T22:39:53.000Z",
    "draft": false,
    "title": "The world of dash and adventure",
  },
  "hair": 1,
  "key-with..unsupported-values": true,
  "name": "The Mad Max",
  "nestedArrays": Array [
    Array [
      1,
    ],
  ],
  "objectsInArray": Array [
    Object {
      "field1": true,
      "field2": 1,
      "field3": "foo",
    },
  ],
}
`;
